CANONICAL NORMALIZATION AND FIELD-COORDINATE INVARIANCE
PASS q^2/Z invariant for lambda=2
PASS q^2/Z invariant for lambda=-3/2
PASS q^2/Z invariant for lambda=5/7
SAME-SECTOR SPECIES INHERITANCE
PASS charge representation n=-3 has common base coupling
PASS charge representation n=-1 has common base coupling
PASS charge representation n=1 has common base coupling
PASS charge representation n=2 has common base coupling
PASS charge representation n=5 has common base coupling
CROSS-MODEL NONSELECTION VERSUS WITHIN-PARENT UNIQUENESS
PASS same registered record law survives different parent alpha
PASS the two parent alphas are physically distinct
PASS all restrictions of one frozen parent inherit one coefficient
PASS an inequivalent coefficient is not the frozen parent coefficient
CANONICAL U1 FIXED-CONTROL RECORD WORLDS
PASS first coherent-state exponent is exactly ln(2)
PASS second coherent-state exponent is exactly 4 ln(2)
PASS first fixed-control cavity contrast is exactly 1/2
PASS second fixed-control cavity contrast is exactly 15/16
PASS both cavity records clear one common strict floor
PASS canonical 4*pi*alpha values are distinct
PASS second canonical alpha is four times the first
PASS EM-off ablation has exactly zero photon-record contrast
PASS fixed-control response is strictly alpha-sensitive
PASS cavity mission graph is acyclic
PASS declared source reaches the registered query
PASS registered query is not an ancestor of the write
PASS every declared source-to-query path crosses the canonical EM write
PASS no post-frontier return to the source
PASS isolated source/current/controller exhaust has no query path
PASS current register has no direct bypass into the post-G query ancestry
PASS complete binary query alphabet is retained
PHASE POLYNOMIAL
PASS h(-1)=-1
PASS h'(-1)=0
PASS h''(-1)=0
PASS h(1)=1
PASS h'(1)=0
PASS h''(1)=0
NORMALIZED WALL IDENTITY
PASS Bogomolny identity at phi=-3/4
PASS Bogomolny identity at phi=-1/3
PASS Bogomolny identity at phi=0
PASS Bogomolny identity at phi=2/5
PASS normalized planar wall tension is 4/3
PASS twice the normalized isolated-wall tension is 8/3
SUMMARY 41/41 exact checks passed
VERDICT ALPHA_INHERITANCE_AND_ACTIVE_EM_ALGEBRAIC_WITNESSES_PASS
SCOPE algebraic examples and a small DAG/cut only; physical REC/FCLPD premises are analytic, not executable certifications
