A01 PASS dependency ledger well formed
A02 PASS dependency ledger has no duplicates
A03 PASS dependency ledger has no path escape
A04 PASS dependency set exact
A05 PASS dependency count exact
A06 PASS dependency exists LANE_RFT_ALPHA_SECTOR_INHERITANCE_V001/MANIFEST.sha256
A07 PASS dependency hash LANE_RFT_ALPHA_SECTOR_INHERITANCE_V001/MANIFEST.sha256
A08 PASS dependency exists LANE_RFT_ALPHA_SECTOR_INHERITANCE_V001/THEOREM.md
A09 PASS dependency hash LANE_RFT_ALPHA_SECTOR_INHERITANCE_V001/THEOREM.md
A10 PASS dependency exists LANE_RFT_CAUCHY_TIME_SLICE_ONTIC_COVERAGE_V001/MANIFEST.sha256
A11 PASS dependency hash LANE_RFT_CAUCHY_TIME_SLICE_ONTIC_COVERAGE_V001/MANIFEST.sha256
A12 PASS dependency exists LANE_RFT_CAUCHY_TIME_SLICE_ONTIC_COVERAGE_V001/THEOREM.md
A13 PASS dependency hash LANE_RFT_CAUCHY_TIME_SLICE_ONTIC_COVERAGE_V001/THEOREM.md
A14 PASS dependency exists LANE_RFT_FINITE_HAMILTONIAN_BOUNDARY_CLOSURE_V001/MANIFEST.sha256
A15 PASS dependency hash LANE_RFT_FINITE_HAMILTONIAN_BOUNDARY_CLOSURE_V001/MANIFEST.sha256
A16 PASS dependency exists LANE_RFT_FINITE_HAMILTONIAN_BOUNDARY_CLOSURE_V001/THEOREM.md
A17 PASS dependency hash LANE_RFT_FINITE_HAMILTONIAN_BOUNDARY_CLOSURE_V001/THEOREM.md
A18 PASS dependency exists LANE_RFT_FINITE_MISSION_FAITHFUL_ADMISSION_V001/MANIFEST.sha256
A19 PASS dependency hash LANE_RFT_FINITE_MISSION_FAITHFUL_ADMISSION_V001/MANIFEST.sha256
A20 PASS dependency exists LANE_RFT_FINITE_MISSION_FAITHFUL_ADMISSION_V001/THEOREM.md
A21 PASS dependency hash LANE_RFT_FINITE_MISSION_FAITHFUL_ADMISSION_V001/THEOREM.md
A22 PASS dependency exists LANE_RFT_RECORD_TO_CTS_NONIMPLICATION_V001/MANIFEST.sha256
A23 PASS dependency hash LANE_RFT_RECORD_TO_CTS_NONIMPLICATION_V001/MANIFEST.sha256
A24 PASS dependency exists LANE_RFT_RECORD_TO_CTS_NONIMPLICATION_V001/THEOREM.md
A25 PASS dependency hash LANE_RFT_RECORD_TO_CTS_NONIMPLICATION_V001/THEOREM.md
A26 PASS dependency exists LANE_RFT_STANDARD_CAUSAL_URFT_SCOPE_V001/MANIFEST.sha256
A27 PASS dependency hash LANE_RFT_STANDARD_CAUSAL_URFT_SCOPE_V001/MANIFEST.sha256
A28 PASS dependency exists LANE_RFT_STANDARD_CAUSAL_URFT_SCOPE_V001/THEOREM.md
A29 PASS dependency hash LANE_RFT_STANDARD_CAUSAL_URFT_SCOPE_V001/THEOREM.md
A30 PASS dependency exists LANE_RFT_UDCL_CONDITIONAL_UNIVERSAL_COVERAGE_V001/MANIFEST.sha256
A31 PASS dependency hash LANE_RFT_UDCL_CONDITIONAL_UNIVERSAL_COVERAGE_V001/MANIFEST.sha256
A32 PASS dependency exists LANE_RFT_UDCL_CONDITIONAL_UNIVERSAL_COVERAGE_V001/THEOREM.md
A33 PASS dependency hash LANE_RFT_UDCL_CONDITIONAL_UNIVERSAL_COVERAGE_V001/THEOREM.md
A34 PASS dependency exists URFT_UDCL_ADOPTION_V001.md
A35 PASS dependency hash URFT_UDCL_ADOPTION_V001.md
A36 FAIL manifest contents LANE_RFT_ALPHA_SECTOR_INHERITANCE_V001/MANIFEST.sha256
A37 PASS manifest contents LANE_RFT_CAUCHY_TIME_SLICE_ONTIC_COVERAGE_V001/MANIFEST.sha256
A38 PASS manifest contents LANE_RFT_FINITE_HAMILTONIAN_BOUNDARY_CLOSURE_V001/MANIFEST.sha256
A39 PASS manifest contents LANE_RFT_FINITE_MISSION_FAITHFUL_ADMISSION_V001/MANIFEST.sha256
A40 FAIL manifest contents LANE_RFT_RECORD_TO_CTS_NONIMPLICATION_V001/MANIFEST.sha256
A41 FAIL manifest contents LANE_RFT_STANDARD_CAUSAL_URFT_SCOPE_V001/MANIFEST.sha256
A42 PASS manifest contents LANE_RFT_UDCL_CONDITIONAL_UNIVERSAL_COVERAGE_V001/MANIFEST.sha256
A43 PASS theorem phrase AXIOMATIC_URFT_UNIVERSAL_COVERAGE_PROVED
A44 PASS theorem phrase Membership is fixed by the
A45 PASS theorem phrase DCL_{\rm phys}(r)
A46 PASS theorem phrase Theorem AURFT-1
A47 PASS theorem phrase universally generalize
A48 PASS theorem phrase Theorem AURFT-2
A49 PASS theorem phrase bare `REC(r)` does not entail per-record
A50 PASS theorem phrase OUTCOME_SELECTION_NOT_REQUIRED
A51 PASS theorem phrase Joined companion theorem
A52 PASS theorem phrase ACTVIS
A53 PASS theorem phrase empirically anchored
A54 PASS theorem phrase not a bare-RFT numerical prediction
A55 PASS theorem phrase natural U-DCL validity remains
A56 PASS per-record closure rec=False dcl=False
A57 PASS per-record closure rec=False dcl=True
A58 PASS per-record closure rec=True dcl=False
A59 PASS per-record closure rec=True dcl=True
A60 PASS FHBC support rec=False fhbc=False
A61 PASS FHBC support rec=False fhbc=True
A62 PASS FHBC support rec=True fhbc=False
A63 PASS FHBC support rec=True fhbc=True
A64 PASS universal proxy size=0
A65 PASS universal proxy size=1
A66 PASS universal proxy size=2
A67 PASS universal proxy size=3
A68 PASS universal proxy size=4
A69 PASS universal proxy size=5
A70 PASS U-DCL load bearing size=1
A71 PASS U-DCL load bearing size=2
A72 PASS U-DCL load bearing size=3
A73 PASS U-DCL load bearing size=4
A74 PASS U-DCL load bearing size=5
TOTAL 71/74 FAIL
