test_atomic_publication_refuses_overwrite_and_symlink (__main__.AdapterAndPublicationTests) ... ok
test_atomic_publication_rejects_nonfinite_without_residue (__main__.AdapterAndPublicationTests) ... ok
test_response_seal_and_hostile_mutations (__main__.AdapterAndPublicationTests) ... ok
test_synthetic_sealed_adapter_pipeline_including_exact_null (__main__.AdapterAndPublicationTests) ... ok
test_unauthorized_production_refuses_before_any_adapter (__main__.AdapterAndPublicationTests) ... ok
test_authenticated_dense_l4_conductance_and_w1_check (__main__.DenseL4DevelopmentTests) ... ok
test_frozen_bytes_and_full_relocation_verifier (__main__.FrozenCustodyTests) ... ok
test_preproduction_outputs_and_response_adapter_remain_absent (__main__.FrozenCustodyTests) ... ok
test_relocation_rejects_prefix_traversal_and_symlink (__main__.FrozenCustodyTests) ... ok
test_strict_json_rejects_duplicate_and_nonfinite_mutations (__main__.FrozenCustodyTests) ... ok
test_point_mass_distance_analytic_cases (__main__.IndependentW1Tests) ... ok
test_random_weighted_lazy_measures_agree_on_every_edge (__main__.IndependentW1Tests) ... ok
test_routes_do_not_call_each_other (__main__.IndependentW1Tests) ... ok
test_uniform_admission_edge_analytic_value (__main__.IndependentW1Tests) ... ok
test_zero_weighted_degree_is_fail_closed (__main__.IndependentW1Tests) ... ok
test_exact_all_40320_permutations (__main__.StatisticTests) ... ok
test_exact_midranks_and_tied_spearman (__main__.StatisticTests) ... ok
test_zero_variance_is_fail_closed (__main__.StatisticTests) ... ok
test_no_pruning_and_connected_unit_metric (__main__.SupportTests) ... ok
test_primitive_support_has_shifted_connectors (__main__.SupportTests) ... ok

----------------------------------------------------------------------
Ran 20 tests in 1.632s

OK
TEST_RESOURCE_JSON={"claim_boundary": "FINITE_L8_OPERATOR_INCIDENCE_ASSOCIATION_ONLY__NO_SCALING_CONTINUUM_SPACETIME_CURVATURE_RGRL_WTC_OR_GRAVITY", "errors": 0, "failures": 0, "l8_production_run": false, "maximum_logical_fixture_storage_bytes": 100, "maximum_rss_bytes": 33210368, "packet_logical_storage_bytes": 106314, "persistent_test_outputs_created": 0, "schema": "L8_OPERATOR_INCIDENCE_CURVATURE_TEST_RESOURCE_OBSERVATION_V001", "scientific_status": "L8_OPERATOR_INCIDENCE_CURVATURE_RESPONSE_UNRESOLVED", "successful": true, "tests_run": 20, "wall_seconds": 1.632376208}
