PASS statewise identity (-1, -1, -1, -1)
PASS statewise identity (-1, -1, -1, 1)
PASS statewise identity (-1, -1, 1, -1)
PASS statewise identity (-1, -1, 1, 1)
PASS statewise identity (-1, 1, -1, -1)
PASS statewise identity (-1, 1, -1, 1)
PASS statewise identity (-1, 1, 1, -1)
PASS statewise identity (-1, 1, 1, 1)
PASS statewise identity (1, -1, -1, -1)
PASS statewise identity (1, -1, -1, 1)
PASS statewise identity (1, -1, 1, -1)
PASS statewise identity (1, -1, 1, 1)
PASS statewise identity (1, 1, -1, -1)
PASS statewise identity (1, 1, -1, 1)
PASS statewise identity (1, 1, 1, -1)
PASS statewise identity (1, 1, 1, 1)
PASS observable-C to Fisher-tensor map has rank six
PASS observable-C map determinant is nonzero
PASS constant plus six pair Walsh characters independent
PASS normalized root-dyad map has rank six
PASS normalized root-dyad determinant is nonzero
PASS full support at a=1/4
PASS pair mean formula at a=1/4
PASS four-spin formula at a=1/4
PASS A1 covariance eigenpair at a=1/4
PASS E1 covariance eigenpair at a=1/4
PASS E2 covariance eigenpair at a=1/4
PASS T1 covariance eigenpair at a=1/4
PASS T2 covariance eigenpair at a=1/4
PASS T3 covariance eigenpair at a=1/4
PASS all covariance eigenvalues positive at a=1/4
PASS finite-temperature covariance rank six at a=1/4
PASS full support at a=2/3
PASS pair mean formula at a=2/3
PASS four-spin formula at a=2/3
PASS A1 covariance eigenpair at a=2/3
PASS E1 covariance eigenpair at a=2/3
PASS E2 covariance eigenpair at a=2/3
PASS T1 covariance eigenpair at a=2/3
PASS T2 covariance eigenpair at a=2/3
PASS T3 covariance eigenpair at a=2/3
PASS all covariance eigenvalues positive at a=2/3
PASS finite-temperature covariance rank six at a=2/3
PASS full support at a=1
PASS pair mean formula at a=1
PASS four-spin formula at a=1
PASS A1 covariance eigenpair at a=1
PASS E1 covariance eigenpair at a=1
PASS E2 covariance eigenpair at a=1
PASS T1 covariance eigenpair at a=1
PASS T2 covariance eigenpair at a=1
PASS T3 covariance eigenpair at a=1
PASS all covariance eigenvalues positive at a=1
PASS finite-temperature covariance rank six at a=1
PASS full support at a=5/2
PASS pair mean formula at a=5/2
PASS four-spin formula at a=5/2
PASS A1 covariance eigenpair at a=5/2
PASS E1 covariance eigenpair at a=5/2
PASS E2 covariance eigenpair at a=5/2
PASS T1 covariance eigenpair at a=5/2
PASS T2 covariance eigenpair at a=5/2
PASS T3 covariance eigenpair at a=5/2
PASS all covariance eigenvalues positive at a=5/2
PASS finite-temperature covariance rank six at a=5/2
PASS full support at a=4
PASS pair mean formula at a=4
PASS four-spin formula at a=4
PASS A1 covariance eigenpair at a=4
PASS E1 covariance eigenpair at a=4
PASS E2 covariance eigenpair at a=4
PASS T1 covariance eigenpair at a=4
PASS T2 covariance eigenpair at a=4
PASS T3 covariance eigenpair at a=4
PASS all covariance eigenvalues positive at a=4
PASS finite-temperature covariance rank six at a=4
PASS D_J C is nontrivial away from J=0
PASS D_J C remains invertible at finite full support
PASS exact affine expectation-to-Fisher identity off uniformity
PASS J=-beta K sign/factor e=0 A=0
PASS Q=-2 dH/dj sign/factor e=0 A=0
PASS J=-beta K sign/factor e=0 A=1
PASS Q=-2 dH/dj sign/factor e=0 A=1
PASS J=-beta K sign/factor e=0 A=2
PASS Q=-2 dH/dj sign/factor e=0 A=2
PASS J=-beta K sign/factor e=0 A=3
PASS Q=-2 dH/dj sign/factor e=0 A=3
PASS J=-beta K sign/factor e=0 A=4
PASS Q=-2 dH/dj sign/factor e=0 A=4
PASS J=-beta K sign/factor e=0 A=5
PASS Q=-2 dH/dj sign/factor e=0 A=5
PASS J=-beta K sign/factor e=1 A=0
PASS Q=-2 dH/dj sign/factor e=1 A=0
PASS J=-beta K sign/factor e=1 A=1
PASS Q=-2 dH/dj sign/factor e=1 A=1
PASS J=-beta K sign/factor e=1 A=2
PASS Q=-2 dH/dj sign/factor e=1 A=2
PASS J=-beta K sign/factor e=1 A=3
PASS Q=-2 dH/dj sign/factor e=1 A=3
PASS J=-beta K sign/factor e=1 A=4
PASS Q=-2 dH/dj sign/factor e=1 A=4
PASS J=-beta K sign/factor e=1 A=5
PASS Q=-2 dH/dj sign/factor e=1 A=5
PASS J=-beta K sign/factor e=2 A=0
PASS Q=-2 dH/dj sign/factor e=2 A=0
PASS J=-beta K sign/factor e=2 A=1
PASS Q=-2 dH/dj sign/factor e=2 A=1
PASS J=-beta K sign/factor e=2 A=2
PASS Q=-2 dH/dj sign/factor e=2 A=2
PASS J=-beta K sign/factor e=2 A=3
PASS Q=-2 dH/dj sign/factor e=2 A=3
PASS J=-beta K sign/factor e=2 A=4
PASS Q=-2 dH/dj sign/factor e=2 A=4
PASS J=-beta K sign/factor e=2 A=5
PASS Q=-2 dH/dj sign/factor e=2 A=5
PASS J=-beta K sign/factor e=3 A=0
PASS Q=-2 dH/dj sign/factor e=3 A=0
PASS J=-beta K sign/factor e=3 A=1
PASS Q=-2 dH/dj sign/factor e=3 A=1
PASS J=-beta K sign/factor e=3 A=2
PASS Q=-2 dH/dj sign/factor e=3 A=2
PASS J=-beta K sign/factor e=3 A=3
PASS Q=-2 dH/dj sign/factor e=3 A=3
PASS J=-beta K sign/factor e=3 A=4
PASS Q=-2 dH/dj sign/factor e=3 A=4
PASS J=-beta K sign/factor e=3 A=5
PASS Q=-2 dH/dj sign/factor e=3 A=5
PASS J=-beta K sign/factor e=4 A=0
PASS Q=-2 dH/dj sign/factor e=4 A=0
PASS J=-beta K sign/factor e=4 A=1
PASS Q=-2 dH/dj sign/factor e=4 A=1
PASS J=-beta K sign/factor e=4 A=2
PASS Q=-2 dH/dj sign/factor e=4 A=2
PASS J=-beta K sign/factor e=4 A=3
PASS Q=-2 dH/dj sign/factor e=4 A=3
PASS J=-beta K sign/factor e=4 A=4
PASS Q=-2 dH/dj sign/factor e=4 A=4
PASS J=-beta K sign/factor e=4 A=5
PASS Q=-2 dH/dj sign/factor e=4 A=5
PASS J=-beta K sign/factor e=5 A=0
PASS Q=-2 dH/dj sign/factor e=5 A=0
PASS J=-beta K sign/factor e=5 A=1
PASS Q=-2 dH/dj sign/factor e=5 A=1
PASS J=-beta K sign/factor e=5 A=2
PASS Q=-2 dH/dj sign/factor e=5 A=2
PASS J=-beta K sign/factor e=5 A=3
PASS Q=-2 dH/dj sign/factor e=5 A=3
PASS J=-beta K sign/factor e=5 A=4
PASS Q=-2 dH/dj sign/factor e=5 A=4
PASS J=-beta K sign/factor e=5 A=5
PASS Q=-2 dH/dj sign/factor e=5 A=5
PASS same-generator mixed derivative for source direction 0
PASS same-generator mixed derivative for source direction 1
PASS same-generator mixed derivative for source direction 2
PASS same-generator mixed derivative for source direction 3
PASS same-generator mixed derivative for source direction 4
PASS same-generator mixed derivative for source direction 5
PASS finite-temperature BGM rank six
PASS general tangent witness invertible
PASS general BGL response rank follows invertible L
PASS general tangent singular control rank five
PASS BGL preserves singular tangent rank
PASS directional theta score is centered
PASS squared-fidelity source coefficient for direction 0
PASS squared-fidelity source coefficient for direction 1
PASS squared-fidelity source coefficient for direction 2
PASS squared-fidelity source coefficient for direction 3
PASS squared-fidelity source coefficient for direction 4
PASS squared-fidelity source coefficient for direction 5
PASS beta-zero covariance itself is identity
PASS beta-zero state response vanishes
PASS zero complete pair slope response vanishes
PASS exact ice pair covariance rank two
PASS exact ice composed pair response rank two
PASS audited target set is exact
PASS frozen target hash THEOREM.md
PASS frozen target hash RESULT.md
PASS frozen target hash SELF_AUDIT.md
PASS dependency ledger contains ten unique entries
PASS dependency exists LANE_CROSS_RFT_GRA_EW_Q4_PAIR_MEMORY_METRIC_DEFORMATION_CLOSURE_V001/THEOREM.md
PASS dependency hash LANE_CROSS_RFT_GRA_EW_Q4_PAIR_MEMORY_METRIC_DEFORMATION_CLOSURE_V001/THEOREM.md
PASS dependency exists LANE_CROSS_RFT_GRA_EW_Q4_PAIR_MEMORY_METRIC_DEFORMATION_CLOSURE_V001/INDEPENDENT_HOSTILE_AUDIT.md
PASS dependency hash LANE_CROSS_RFT_GRA_EW_Q4_PAIR_MEMORY_METRIC_DEFORMATION_CLOSURE_V001/INDEPENDENT_HOSTILE_AUDIT.md
PASS dependency exists LANE_GRA_FT_F3_Q4_DEGREE_PAIR_GEOMETRIC_STRAIN_BOUNDARY_V001/THEOREM.md
PASS dependency hash LANE_GRA_FT_F3_Q4_DEGREE_PAIR_GEOMETRIC_STRAIN_BOUNDARY_V001/THEOREM.md
PASS dependency exists LANE_GRA_FT_F3_Q4_DEGREE_PAIR_GEOMETRIC_STRAIN_BOUNDARY_V001/INDEPENDENT_HOSTILE_AUDIT.md
PASS dependency hash LANE_GRA_FT_F3_Q4_DEGREE_PAIR_GEOMETRIC_STRAIN_BOUNDARY_V001/INDEPENDENT_HOSTILE_AUDIT.md
PASS dependency exists LANE_GRA_FU_F3_Q4_PAIR_RESOLVED_MAXWELL_DPAR_DERIVATION_V001/THEOREM.md
PASS dependency hash LANE_GRA_FU_F3_Q4_PAIR_RESOLVED_MAXWELL_DPAR_DERIVATION_V001/THEOREM.md
PASS dependency exists LANE_GRA_FU_F3_Q4_PAIR_RESOLVED_MAXWELL_DPAR_DERIVATION_V001/INDEPENDENT_HOSTILE_AUDIT.md
PASS dependency hash LANE_GRA_FU_F3_Q4_PAIR_RESOLVED_MAXWELL_DPAR_DERIVATION_V001/INDEPENDENT_HOSTILE_AUDIT.md
PASS dependency exists LANE_GRA_FV_F3_Q4_COULOMB_DPAR_PROJECTED_SOURCE_RANK_V001/THEOREM.md
PASS dependency hash LANE_GRA_FV_F3_Q4_COULOMB_DPAR_PROJECTED_SOURCE_RANK_V001/THEOREM.md
PASS dependency exists LANE_GRA_FV_F3_Q4_COULOMB_DPAR_PROJECTED_SOURCE_RANK_V001/INDEPENDENT_HOSTILE_AUDIT/INDEPENDENT_HOSTILE_AUDIT.md
PASS dependency hash LANE_GRA_FV_F3_Q4_COULOMB_DPAR_PROJECTED_SOURCE_RANK_V001/INDEPENDENT_HOSTILE_AUDIT/INDEPENDENT_HOSTILE_AUDIT.md
PASS dependency exists LANE_GRA_FY_F3_Q4_NATIVE_SUPPORT_M1_COMPLETE_H6_RESPONSE_V001/THEOREM.md
PASS dependency hash LANE_GRA_FY_F3_Q4_NATIVE_SUPPORT_M1_COMPLETE_H6_RESPONSE_V001/THEOREM.md
PASS dependency exists LANE_GRA_FY_F3_Q4_NATIVE_SUPPORT_M1_COMPLETE_H6_RESPONSE_V001/INDEPENDENT_HOSTILE_AUDIT/INDEPENDENT_HOSTILE_AUDIT.md
PASS dependency hash LANE_GRA_FY_F3_Q4_NATIVE_SUPPORT_M1_COMPLETE_H6_RESPONSE_V001/INDEPENDENT_HOSTILE_AUDIT/INDEPENDENT_HOSTILE_AUDIT.md
PASS theorem types C as expectation
PASS theorem types J as control
PASS whole-pair DPAR premise is explicit
PASS FU E-only result is not promoted to whole-pair rank
PASS general BGL formula is stated
PASS source reciprocity is scoped to pair sector
PASS result keeps the source derivative on H_C
PASS FY custody is limited to direct pair operator
PASS noncommuting BKM/QFI distinction is retained
PASS result retains the gravity ceiling
PASS 209/209
Independent hostile PMSR replay complete
